--------------------------------------------------------------------------------------
Timing Analyzer Summary
--------------------------------------------------------------------------------------

Type           : Worst-case tsu
Slack          : N/A
Required Time  : None
Actual Time    : 6.060 ns
From           : laser_detector
To             : five_sec_trig:fst|reset
From Clock     : --
To Clock       : master_clk
Failed Paths   : 0

Type           : Worst-case tco
Slack          : N/A
Required Time  : None
Actual Time    : 18.174 ns
From           : LED:time_led|segm_out:segm_out_1|segm_out[3]
To             : segments[3]
From Clock     : master_clk
To Clock       : --
Failed Paths   : 0

Type           : Worst-case th
Slack          : N/A
Required Time  : None
Actual Time    : -5.794 ns
From           : laser_detector
To             : five_sec_trig:fst|reset
From Clock     : --
To Clock       : master_clk
Failed Paths   : 0

Type           : Clock Setup: 'master_clk'
Slack          : N/A
Required Time  : None
Actual Time    : 82.86 MHz ( period = 12.069 ns )
From           : timer:lap_timer|time_counter:minutes_counter|value[3]
To             : five_sec_trig:fst|reset
From Clock     : master_clk
To Clock       : master_clk
Failed Paths   : 0

Type           : Clock Setup: 'laser_detector'
Slack          : N/A
Required Time  : None
Actual Time    : 189.14 MHz ( period = 5.287 ns )
From           : timer:lap_timer|time_counter:clk_counter|value[18]
To             : timer:lap_timer|time_counter:clk_counter|value[11]
From Clock     : laser_detector
To Clock       : laser_detector
Failed Paths   : 0

Type           : Clock Hold: 'master_clk'
Slack          : Not operational: Clock Skew > Data Delay
Required Time  : None
Actual Time    : N/A
From           : five_sec_trig:fst|reset
To             : timer:lap_timer|time_counter:seconds_counter|out_clk
From Clock     : master_clk
To Clock       : master_clk
Failed Paths   : 187

Type           : Total number of failed paths
Slack          : 
Required Time  : 
Actual Time    : 
From           : 
To             : 
From Clock     : 
To Clock       : 
Failed Paths   : 187

--------------------------------------------------------------------------------------

