--------------------------------------------------------------------------------------
Timing Analyzer Summary
--------------------------------------------------------------------------------------

Type           : Worst-case tco
Slack          : N/A
Required Time  : None
Actual Time    : 18.870 ns
From           : LED:time_led|segm_out:segm_out_1|cathode[2]
To             : cathode[2]
From Clock     : master_clk
To Clock       : --
Failed Paths   : 0

Type           : Clock Setup: 'master_clk'
Slack          : N/A
Required Time  : None
Actual Time    : 78.46 MHz ( period = 12.745 ns )
From           : timer:lap_timer|time_counter:minutes_counter|value[4]
To             : LED:time_led|bidec:my_bidec_1|vyhod_1[0][2]
From Clock     : master_clk
To Clock       : master_clk
Failed Paths   : 0

Type           : Clock Setup: 'laser_detector'
Slack          : N/A
Required Time  : None
Actual Time    : 196.97 MHz ( period = 5.077 ns )
From           : timer:lap_timer|time_counter:clk_counter|value[24]
To             : timer:lap_timer|time_counter:clk_counter|value[16]
From Clock     : laser_detector
To Clock       : laser_detector
Failed Paths   : 0

Type           : Clock Hold: 'master_clk'
Slack          : Not operational: Clock Skew > Data Delay
Required Time  : None
Actual Time    : N/A
From           : LED:time_led|counter_6:counter|count[1]
To             : LED:time_led|segm_out:segm_out_1|segm_out[6]
From Clock     : master_clk
To Clock       : master_clk
Failed Paths   : 186

Type           : Total number of failed paths
Slack          : 
Required Time  : 
Actual Time    : 
From           : 
To             : 
From Clock     : 
To Clock       : 
Failed Paths   : 186

--------------------------------------------------------------------------------------

